// Jest Snapshot v1, https://goo.gl/fbAQLP

exports[`token verification should verify a token 1`] = `
{
  "aud": [
    "foo",
  ],
  "iat": Any<Number>,
  "iss": "foo",
}
`;
